// Jest Snapshot v1, https://goo.gl/fbAQLP

exports[`<CovidVaxForm /> should match existing snapshot 1`] = `
<Form
  onSubmit={[Function]}
>
  <Feature
    name="consentCheckbox"
  >
    <Component
      control={
        Object {
          "_defaultValues": Object {},
          "_fields": Object {},
          "_formState": Object {
            "dirtyFields": Object {},
            "errors": Object {},
            "isDirty": false,
            "isSubmitSuccessful": false,
            "isSubmitted": false,
            "isSubmitting": false,
            "isValid": false,
            "isValidating": false,
            "submitCount": 0,
            "touchedFields": Object {},
          },
          "_formValues": Object {},
          "_getFieldArrayValue": [Function],
          "_getIsDirty": [Function],
          "_getWatch": [Function],
          "_isInAction": false,
          "_isMounted": false,
          "_names": Object {
            "array": Set {},
            "mount": Set {},
            "unMount": Set {},
            "watch": Set {},
          },
          "_proxyFormState": Object {
            "dirtyFields": false,
            "errors": false,
            "isDirty": false,
            "isValid": false,
            "isValidating": false,
            "touchedFields": false,
          },
          "_removeFields": [Function],
          "_shouldUnregister": undefined,
          "_subjects": Object {
            "array": ge {
              "observers": Array [],
            },
            "control": ge {
              "observers": Array [],
            },
            "state": ge {
              "observers": Array [],
            },
            "watch": ge {
              "observers": Array [],
            },
          },
          "_updateFieldArray": [Function],
          "_updateProps": [Function],
          "_updateValid": [Function],
          "_updateValues": [Function],
          "register": [Function],
          "unregister": [Function],
        }
      }
      name="consent"
      render={[Function]}
      rules={
        Object {
          "required": true,
        }
      }
    />
  </Feature>
  <Feature
    name="consentCheckboxAlternate"
  >
    <Component
      control={
        Object {
          "_defaultValues": Object {},
          "_fields": Object {},
          "_formState": Object {
            "dirtyFields": Object {},
            "errors": Object {},
            "isDirty": false,
            "isSubmitSuccessful": false,
            "isSubmitted": false,
            "isSubmitting": false,
            "isValid": false,
            "isValidating": false,
            "submitCount": 0,
            "touchedFields": Object {},
          },
          "_formValues": Object {},
          "_getFieldArrayValue": [Function],
          "_getIsDirty": [Function],
          "_getWatch": [Function],
          "_isInAction": false,
          "_isMounted": false,
          "_names": Object {
            "array": Set {},
            "mount": Set {},
            "unMount": Set {},
            "watch": Set {},
          },
          "_proxyFormState": Object {
            "dirtyFields": false,
            "errors": false,
            "isDirty": false,
            "isValid": false,
            "isValidating": false,
            "touchedFields": false,
          },
          "_removeFields": [Function],
          "_shouldUnregister": undefined,
          "_subjects": Object {
            "array": ge {
              "observers": Array [],
            },
            "control": ge {
              "observers": Array [],
            },
            "state": ge {
              "observers": Array [],
            },
            "watch": ge {
              "observers": Array [],
            },
          },
          "_updateFieldArray": [Function],
          "_updateProps": [Function],
          "_updateValid": [Function],
          "_updateValues": [Function],
          "register": [Function],
          "unregister": [Function],
        }
      }
      name="consent"
      render={[Function]}
      rules={
        Object {
          "required": true,
        }
      }
    />
  </Feature>
  <FormGroup
    fieldId="employee-full-name"
    helperText="Make sure this matches your full name."
    label="Full Name"
  >
    <TextInput
      aria-label="employee-full-name"
      isDisabled={true}
      type="text"
    />
  </FormGroup>
  <Component
    control={
      Object {
        "_defaultValues": Object {},
        "_fields": Object {},
        "_formState": Object {
          "dirtyFields": Object {},
          "errors": Object {},
          "isDirty": false,
          "isSubmitSuccessful": false,
          "isSubmitted": false,
          "isSubmitting": false,
          "isValid": false,
          "isValidating": false,
          "submitCount": 0,
          "touchedFields": Object {},
        },
        "_formValues": Object {},
        "_getFieldArrayValue": [Function],
        "_getIsDirty": [Function],
        "_getWatch": [Function],
        "_isInAction": false,
        "_isMounted": false,
        "_names": Object {
          "array": Set {},
          "mount": Set {},
          "unMount": Set {},
          "watch": Set {},
        },
        "_proxyFormState": Object {
          "dirtyFields": false,
          "errors": false,
          "isDirty": false,
          "isValid": false,
          "isValidating": false,
          "touchedFields": false,
        },
        "_removeFields": [Function],
        "_shouldUnregister": undefined,
        "_subjects": Object {
          "array": ge {
            "observers": Array [],
          },
          "control": ge {
            "observers": Array [],
          },
          "state": ge {
            "observers": Array [],
          },
          "watch": ge {
            "observers": Array [],
          },
        },
        "_updateFieldArray": [Function],
        "_updateProps": [Function],
        "_updateValid": [Function],
        "_updateValues": [Function],
        "register": [Function],
        "unregister": [Function],
      }
    }
    defaultValue=""
    name="alt_first_name"
    render={[Function]}
  />
  <Component
    control={
      Object {
        "_defaultValues": Object {},
        "_fields": Object {},
        "_formState": Object {
          "dirtyFields": Object {},
          "errors": Object {},
          "isDirty": false,
          "isSubmitSuccessful": false,
          "isSubmitted": false,
          "isSubmitting": false,
          "isValid": false,
          "isValidating": false,
          "submitCount": 0,
          "touchedFields": Object {},
        },
        "_formValues": Object {},
        "_getFieldArrayValue": [Function],
        "_getIsDirty": [Function],
        "_getWatch": [Function],
        "_isInAction": false,
        "_isMounted": false,
        "_names": Object {
          "array": Set {},
          "mount": Set {},
          "unMount": Set {},
          "watch": Set {},
        },
        "_proxyFormState": Object {
          "dirtyFields": false,
          "errors": false,
          "isDirty": false,
          "isValid": false,
          "isValidating": false,
          "touchedFields": false,
        },
        "_removeFields": [Function],
        "_shouldUnregister": undefined,
        "_subjects": Object {
          "array": ge {
            "observers": Array [],
          },
          "control": ge {
            "observers": Array [],
          },
          "state": ge {
            "observers": Array [],
          },
          "watch": ge {
            "observers": Array [],
          },
        },
        "_updateFieldArray": [Function],
        "_updateProps": [Function],
        "_updateValid": [Function],
        "_updateValues": [Function],
        "register": [Function],
        "unregister": [Function],
      }
    }
    defaultValue=""
    name="alt_last_name"
    render={[Function]}
  />
  <Feature
    name="dateOfBirth"
  >
    <Component
      control={
        Object {
          "_defaultValues": Object {},
          "_fields": Object {},
          "_formState": Object {
            "dirtyFields": Object {},
            "errors": Object {},
            "isDirty": false,
            "isSubmitSuccessful": false,
            "isSubmitted": false,
            "isSubmitting": false,
            "isValid": false,
            "isValidating": false,
            "submitCount": 0,
            "touchedFields": Object {},
          },
          "_formValues": Object {},
          "_getFieldArrayValue": [Function],
          "_getIsDirty": [Function],
          "_getWatch": [Function],
          "_isInAction": false,
          "_isMounted": false,
          "_names": Object {
            "array": Set {},
            "mount": Set {},
            "unMount": Set {},
            "watch": Set {},
          },
          "_proxyFormState": Object {
            "dirtyFields": false,
            "errors": false,
            "isDirty": false,
            "isValid": false,
            "isValidating": false,
            "touchedFields": false,
          },
          "_removeFields": [Function],
          "_shouldUnregister": undefined,
          "_subjects": Object {
            "array": ge {
              "observers": Array [],
            },
            "control": ge {
              "observers": Array [],
            },
            "state": ge {
              "observers": Array [],
            },
            "watch": ge {
              "observers": Array [],
            },
          },
          "_updateFieldArray": [Function],
          "_updateProps": [Function],
          "_updateValid": [Function],
          "_updateValues": [Function],
          "register": [Function],
          "unregister": [Function],
        }
      }
      defaultValue=""
      name="date_of_birth"
      render={[Function]}
      rules={
        Object {
          "pattern": /\\^\\(0\\[1-9\\]\\|1\\[0-2\\]\\)\\\\-\\(0\\[1-9\\]\\|1\\\\d\\|2\\\\d\\|3\\[01\\]\\)\\\\-\\(19\\|20\\)\\\\d\\{2\\}\\$/,
          "required": true,
          "validate": [Function],
        }
      }
    />
  </Feature>
  <Grid
    hasGutter={true}
  >
    <CovidVaxDose
      booster={false}
      control={
        Object {
          "_defaultValues": Object {},
          "_fields": Object {},
          "_formState": Object {
            "dirtyFields": Object {},
            "errors": Object {},
            "isDirty": false,
            "isSubmitSuccessful": false,
            "isSubmitted": false,
            "isSubmitting": false,
            "isValid": false,
            "isValidating": false,
            "submitCount": 0,
            "touchedFields": Object {},
          },
          "_formValues": Object {},
          "_getFieldArrayValue": [Function],
          "_getIsDirty": [Function],
          "_getWatch": [Function],
          "_isInAction": false,
          "_isMounted": false,
          "_names": Object {
            "array": Set {},
            "mount": Set {},
            "unMount": Set {},
            "watch": Set {},
          },
          "_proxyFormState": Object {
            "dirtyFields": false,
            "errors": false,
            "isDirty": false,
            "isValid": false,
            "isValidating": false,
            "touchedFields": false,
          },
          "_removeFields": [Function],
          "_shouldUnregister": undefined,
          "_subjects": Object {
            "array": ge {
              "observers": Array [],
            },
            "control": ge {
              "observers": Array [],
            },
            "state": ge {
              "observers": Array [],
            },
            "watch": ge {
              "observers": Array [],
            },
          },
          "_updateFieldArray": [Function],
          "_updateProps": [Function],
          "_updateValid": [Function],
          "_updateValues": [Function],
          "register": [Function],
          "unregister": [Function],
        }
      }
      doseNumber={1}
      getValues={[Function]}
      isRequired={true}
      key="0"
      removeDose={[Function]}
      vendorOptions={
        Array [
          Object {
            "label": "AstraZeneca",
            "value": "AstraZeneca",
          },
          Object {
            "label": "Comirnaty",
            "value": "Comirnaty",
          },
          Object {
            "label": "Covaxin",
            "value": "Covaxin",
          },
          Object {
            "label": "Covishield",
            "value": "Covishield",
          },
          Object {
            "label": "Covovax",
            "value": "Covovax",
          },
          Object {
            "label": "Janssen",
            "value": "Janssen",
          },
          Object {
            "label": "Johnson & Johnson",
            "value": "Johnson",
          },
          Object {
            "label": "Moderna",
            "value": "Moderna",
          },
          Object {
            "label": "Novavax",
            "value": "Novavax",
          },
          Object {
            "label": "Oxford",
            "value": "Oxford",
          },
          Object {
            "label": "Pfizer",
            "value": "Pfizer",
          },
          Object {
            "label": "Sinopharm",
            "value": "Sinopharm",
          },
          Object {
            "label": "Sinovac-CoronaVac",
            "value": "Sinovac_CoronaVac",
          },
          Object {
            "label": "Spikevax",
            "value": "Spikevax",
          },
          Object {
            "label": "Sputnik",
            "value": "Sputnik",
          },
          Object {
            "label": "Vaxzevria",
            "value": "Vaxzevria",
          },
        ]
      }
    />
  </Grid>
  <Text
    component="a"
    data-testid="add-dose"
    onClick={[Function]}
  >
    <PlusIcon
      color="currentColor"
      noVerticalAlign={false}
      size="sm"
    />
     Add Dose
  </Text>
  <Feature
    name="proof"
  >
    <Component
      control={
        Object {
          "_defaultValues": Object {},
          "_fields": Object {},
          "_formState": Object {
            "dirtyFields": Object {},
            "errors": Object {},
            "isDirty": false,
            "isSubmitSuccessful": false,
            "isSubmitted": false,
            "isSubmitting": false,
            "isValid": false,
            "isValidating": false,
            "submitCount": 0,
            "touchedFields": Object {},
          },
          "_formValues": Object {},
          "_getFieldArrayValue": [Function],
          "_getIsDirty": [Function],
          "_getWatch": [Function],
          "_isInAction": false,
          "_isMounted": false,
          "_names": Object {
            "array": Set {},
            "mount": Set {},
            "unMount": Set {},
            "watch": Set {},
          },
          "_proxyFormState": Object {
            "dirtyFields": false,
            "errors": false,
            "isDirty": false,
            "isValid": false,
            "isValidating": false,
            "touchedFields": false,
          },
          "_removeFields": [Function],
          "_shouldUnregister": undefined,
          "_subjects": Object {
            "array": ge {
              "observers": Array [],
            },
            "control": ge {
              "observers": Array [],
            },
            "state": ge {
              "observers": Array [],
            },
            "watch": ge {
              "observers": Array [],
            },
          },
          "_updateFieldArray": [Function],
          "_updateProps": [Function],
          "_updateValid": [Function],
          "_updateValues": [Function],
          "register": [Function],
          "unregister": [Function],
        }
      }
      defaultValue=""
      name="proof_type"
      render={[Function]}
      rules={
        Object {
          "required": true,
        }
      }
    />
    <Component
      control={
        Object {
          "_defaultValues": Object {},
          "_fields": Object {},
          "_formState": Object {
            "dirtyFields": Object {},
            "errors": Object {},
            "isDirty": false,
            "isSubmitSuccessful": false,
            "isSubmitted": false,
            "isSubmitting": false,
            "isValid": false,
            "isValidating": false,
            "submitCount": 0,
            "touchedFields": Object {},
          },
          "_formValues": Object {},
          "_getFieldArrayValue": [Function],
          "_getIsDirty": [Function],
          "_getWatch": [Function],
          "_isInAction": false,
          "_isMounted": false,
          "_names": Object {
            "array": Set {},
            "mount": Set {},
            "unMount": Set {},
            "watch": Set {},
          },
          "_proxyFormState": Object {
            "dirtyFields": false,
            "errors": false,
            "isDirty": false,
            "isValid": false,
            "isValidating": false,
            "touchedFields": false,
          },
          "_removeFields": [Function],
          "_shouldUnregister": undefined,
          "_subjects": Object {
            "array": ge {
              "observers": Array [],
            },
            "control": ge {
              "observers": Array [],
            },
            "state": ge {
              "observers": Array [],
            },
            "watch": ge {
              "observers": Array [],
            },
          },
          "_updateFieldArray": [Function],
          "_updateProps": [Function],
          "_updateValid": [Function],
          "_updateValues": [Function],
          "register": [Function],
          "unregister": [Function],
        }
      }
      name="vax_image"
      render={[Function]}
      rules={
        Object {
          "required": true,
        }
      }
    />
  </Feature>
  <FormGroup
    fieldId="accept buttons"
  >
    <Button
      icon={
        <CheckCircleIcon
          color="currentColor"
          noVerticalAlign={false}
          size="sm"
        />
      }
      type="submit"
      variant="primary"
    >
      Accept
    </Button>
    <Button
      onClick={[Function]}
      variant="plain"
    >
      Back
    </Button>
  </FormGroup>
</Form>
`;
