// Jest Snapshot v1, https://goo.gl/fbAQLP

exports[`<HRInbox /> should match existing snapshot 1`] = `
<DocumentFragment>
  <article
    class="pf-c-card pf-m-rounded"
    data-ouia-component-id="OUIA-Generated-Card-1"
    data-ouia-component-type="PF4/Card"
    data-ouia-safe="true"
    id=""
  >
    <div
      class="pf-c-card__title"
    >
      <p
        class=""
        data-pf-content="true"
      >
        Inbox
      </p>
      <div
        class="pf-c-content"
      >
        <small
          class=""
          data-pf-content="true"
        >
          Select an item below to review
        </small>
      </div>
    </div>
    <div
      aria-label="Global"
      class="pf-c-menu"
      data-ouia-component-id="OUIA-Generated-Menu-1"
      data-ouia-component-type="PF4/Menu"
      data-ouia-safe="true"
    >
      <div
        class="pf-c-menu__content"
        style="--pf-c-menu__content--Height: 350px;"
      >
        <section
          class="pf-c-menu__group"
        >
          <h1
            class="pf-c-menu__group-title"
            id=""
          >
            Your In-Progress Tasks
          </h1>
          <ul
            class="pf-c-menu__list indentList"
            id="in-progress-list"
          >
            <li
              class="pf-c-menu__list-item pf-m-disabled"
              tabindex="-1"
            >
              <button
                aria-current="false"
                class="pf-c-menu__item"
                disabled=""
                tabindex="0"
                type="button"
              >
                <span
                  class="pf-c-menu__item-main"
                >
                  <span
                    class="pf-c-menu__item-text"
                  >
                    [No In-Progress Tasks]
                  </span>
                </span>
              </button>
            </li>
          </ul>
        </section>
        <section
          class="pf-c-menu__group"
        >
          <h1
            class="pf-c-menu__group-title"
            id=""
          >
            All Available Tasks
          </h1>
          <ul
            class="pf-c-menu__list indentList"
            id="all-available-list"
          >
            <li
              class="pf-c-menu__list-item pf-m-disabled"
              tabindex="-1"
            >
              <button
                aria-current="false"
                class="pf-c-menu__item"
                disabled=""
                tabindex="-1"
                type="button"
              >
                <span
                  class="pf-c-menu__item-main"
                >
                  <span
                    class="pf-c-menu__item-text"
                  >
                    [No Available Tasks]
                  </span>
                </span>
              </button>
            </li>
          </ul>
        </section>
      </div>
    </div>
  </article>
</DocumentFragment>
`;
